   Compiling kkachi v0.4.1 (/Users/gatema/Desktop/git/new/kkachi/crates/kkachi)
   Compiling pyo3-build-config v0.22.6
   Compiling pyo3-macros-backend v0.22.6
   Compiling pyo3-ffi v0.22.6
   Compiling pyo3 v0.22.6
   Compiling pyo3-macros v0.22.6
   Compiling kkachi-benches v0.1.0 (/Users/gatema/Desktop/git/new/kkachi/benches)
   Compiling kkachi-python v0.4.1 (/Users/gatema/Desktop/git/new/kkachi/crates/kkachi-python)
    Finished `test` profile [unoptimized + debuginfo] target(s) in 28.68s
     Running unittests src/lib.rs (target/debug/deps/kkachi-8af89deebe0b3c58)

running 595 tests
test adapter::chat::tests::test_chat_config ... ok
test adapter::chat::tests::test_chat_adapter_creation ... ok
test adapter::json::tests::test_escape_json_string ... ok
test adapter::json::tests::test_find_json_field_object ... ok
test adapter::json::tests::test_find_json_field_number ... ok
test adapter::json::tests::test_find_json_field_string ... ok
test adapter::json::tests::test_json_config ... ok
test adapter::json::tests::test_json_adapter_creation ... ok
test adapter::json::tests::test_parse_json_string ... ok
test adapter::tests::test_demo_data ... ok
test adapter::tests::test_find_field_value ... ok
test adapter::chat::tests::test_format_with_instructions ... ok
test adapter::json::tests::test_format_basic ... ok
test adapter::chat::tests::test_format_with_demo ... ok
test adapter::chat::tests::test_format_basic ... ok
test adapter::chat::tests::test_parse_response ... ok
test adapter::json::tests::test_parse_response ... ok
test adapter::tests::test_format_field_name ... ok
test adapter::xml::tests::test_escape_xml ... ok
test adapter::xml::tests::test_find_xml_element ... ok
test adapter::xml::tests::test_find_xml_element_with_attrs ... ok
test adapter::xml::tests::test_format_basic ... ok
test adapter::xml::tests::test_format_with_demo ... ok
test adapter::xml::tests::test_parse_response ... ok
test adapter::xml::tests::test_xml_adapter_creation ... ok
test adapter::xml::tests::test_xml_config ... ok
test assertion::tests::test_assertion_level ... ok
test adapter::xml::tests::test_unescape_xml ... ok
test assertion::tests::test_contains ... ok
test assertion::tests::test_ends_with ... ok
test assertion::tests::test_length_bounds ... ok
test assertion::tests::test_not_empty ... ok
test assertion::tests::test_runner_all_pass ... ok
test assertion::tests::test_runner_count_passing ... ok
test assertion::tests::test_starts_with ... ok
test assertion::tests::test_runner_soft ... ok
test bootstrap::tests::test_bootstrap_creation ... ok
test bootstrap::tests::test_config_const ... ok
test bootstrap::tests::test_random_search ... ok
test buffer::tests::test_buffer_clone ... ok
test buffer::tests::test_buffer_empty ... ok
test assertion::tests::test_one_of ... ok
test assertion::tests::test_custom ... ok
test buffer::tests::test_buffer_from_bytes ... ok
test assertion::tests::test_assertion_result ... ok
test buffer::tests::test_buffer_from_static ... ok
test buffer::tests::test_buffer_from_static_str ... ok
test assertion::tests::test_json_valid ... ok
test buffer::tests::test_buffer_from_string ... ok
test buffer::tests::test_buffer_view ... ok
test buffer::tests::test_buffer_slice ... ok
test buffer::tests::test_buffer_view_range ... ok
test buffer::tests::test_buffer_view_subview ... ok
test bootstrap::tests::test_optimize_empty ... ok
test declarative::jinja::tests::test_jinja_template_from_str ... ok
test declarative::jinja::tests::test_jinja_template_with_conditional ... ok
test declarative::jinja::tests::test_jinja_formatter_with_feedback ... ok
test declarative::jinja::tests::test_jinja_formatter_no_feedback ... ok
test declarative::jinja::tests::test_jinja_template_code_block ... ok
test assertion::tests::test_regex_match ... ok
test declarative::jinja::tests::test_jinja_template_with_default ... ok
test diff::render::tests::test_default_colors ... ok
test declarative::jinja::tests::test_jinja_formatter_uses_task_variable ... ok
test diff::render::tests::test_render_score_change_negative ... ok
test diff::render::tests::test_render_score_change_positive ... ok
test diff::render::tests::test_render_iteration_header ... ok
test diff::render::tests::test_render_stats ... ok
test diff::render::tests::test_render_compact ... ok
test diff::render::tests::test_render_inline ... ok
test diff::render::tests::test_truncate ... ok
test declarative::jinja::tests::test_jinja_template_with_loop ... ok
test diff::render::tests::test_render_unified ... ok
test diff::structured::tests::test_demo_snapshot_display ... ok
test diff::structured::tests::test_demos_diff_compute_added ... ok
test diff::structured::tests::test_demos_diff_compute_modified ... ok
test diff::structured::tests::test_demos_diff_compute_removed ... ok
test diff::structured::tests::test_module_diff_no_changes ... ok
test diff::structured::tests::test_module_diff_render ... ok
test diff::structured::tests::test_iteration_diff_builder ... ok
test diff::structured::tests::test_module_diff_with_instruction ... ok
test diff::tests::test_change_kind_from_tag ... ok
test diff::tests::test_diff_hunks ... ok
test diff::tests::test_diff_stats_compact ... ok
test diff::tests::test_diff_unified ... ok
test diff::tests::test_text_diff_no_changes ... ok
test diff::tests::test_text_diff_modification ... ok
test diff::tests::test_text_diff_simple_addition ... ok
test diff::tests::test_text_diff_simple_removal ... ok
test diff::tests::test_word_diff ... ok
test error::tests::test_error_field ... ok
test error::tests::test_error_prediction ... ok
test error::tests::test_error_category ... ok
test error::tests::test_error_module ... ok
test error::tests::test_error_signature ... ok
test error::tests::test_is_library_error ... ok
test error::tests::test_mutable_optimization_details ... ok
test error::tests::test_optimization_details_methods ... ok
test error::tests::test_optimization_details_display ... ok
test error::tests::test_optimization_error_creation ... ok
test error::tests::test_optimization_error_message ... ok
test error::tests::test_optimization_error_with_feedback ... ok
test error::tests::test_result_type ... ok
test example::tests::test_example_creation ... ok
test example::tests::test_example_insert_input ... ok
test example::tests::test_example_insert_output ... ok
